package utente.personale;

import static org.junit.Assert.*;

























import listener.JacocoCoverageListener;
import org.junit.Before;
import org.junit.Rule;
import org.junit.Test;
import listener.BaseCoverageTest;

public class TecnicoTest  extends BaseCoverageTest {

    @Before
public void setUp() {
this.tecnico = new Tecnico("John", "Doe", "Teacher", 1234);
        }
private Tecnico tecnico;

        @Test
public void testGetSurname() {
Tecnico tecnico = new Tecnico("John", "Doe", "Engineer", 1);
assertEquals("Doe", tecnico.getSurname());
        }

        @Test
public void testSetSurname() {
Tecnico tecnico = new Tecnico("John", "Doe", "Engineer", 1);
tecnico.setSurname("Smith");
assertEquals("Smith", tecnico.getSurname());
        }


        @Test
public void testSetCode() {
Tecnico tecnico = new Tecnico("John", "Doe", "Engineer", 1);
tecnico.setCode(2);
assertEquals(2, tecnico.getCode());
        }





    @Test
public void testGetSurname_case1() {
        // Test the true branch of the if statement
Tecnico tecnico = new Tecnico("John", "Smith", "Teacher", 123456);
assertEquals("Smith", tecnico.getSurname());

        // Test the false branch of the if statement
tecnico = new Tecnico("John", null, "Teacher", 123456);
assertNull(tecnico.getSurname());
    }
    @Test
public void testSetSurname_case1() {
        // Test the true branch of the if statement
Tecnico tecnico = new Tecnico("John", "Smith", "Teacher", 123456);
assertEquals("Smith", tecnico.getSurname());
tecnico.setSurname("Jones");
assertEquals("Jones", tecnico.getSurname());

        // Test the false branch of the if statement
tecnico = new Tecnico("John", null, "Teacher", 123456);
assertNull(tecnico.getSurname());
tecnico.setSurname("Jones");
assertEquals("Jones", tecnico.getSurname());
    }















    @Test
public void testGetProfession_case1() {
        // Arrange
String expected = "Software Engineer";
Tecnico tecnico = new Tecnico("John", "Doe", expected, 123456);

        // Act
String actual = tecnico.getProfession();

        // Assert
assertEquals(expected, actual);
    }

    @Test
public void testGetName_case1() {
        // Test that the method returns the correct name
String expected = "John";
Tecnico tecnico = new Tecnico("John", "Doe", "Software Engineer", 123456);
assertEquals(expected, tecnico.getName());
    }
    @Test
public void testSetName_case1() {
        // Test that the method updates the correct name
String expected = "Jane";
Tecnico tecnico = new Tecnico("John", "Doe", "Software Engineer", 123456);
tecnico.setName(expected);
assertEquals(expected, tecnico.getName());
    }


}
