package utente;

import static org.junit.Assert.*;


import banca.ContoBancario;
import listener.JacocoCoverageListener;
import org.junit.Before;
import org.junit.Rule;
import org.junit.Test;
import org.mockito.Mockito;
import listener.BaseCoverageTest;

public class UtenteTest  extends BaseCoverageTest {

private Utente utente;

    @Before
public void setUp() {
ContoBancario mockContoBancario = Mockito.mock(ContoBancario.class);
utente = new Utente("John", "Doe", "123", "via mazzini", mockContoBancario);
    }


    @Test
public void testGetTelephone() {
assertEquals("123", utente.getTelephone());
    }

    @Test
public void testGetAddress() {
assertEquals("via mazzini", utente.getAddress(1));
    }

    @Test
public void testGetContoBancario() {
assertNotNull(utente.getContoBancario());
    }

    @Test
public void testGetName() {
        // Arrange
String name = "John";
String surname = "Doe";
String telephone = "+39 1234567890";
String address = "Via Roma, 10";
ContoBancario contoBancario = new ContoBancario();
Utente utente = new Utente(name, surname, telephone, address, contoBancario);

        // Act
String result = utente.getName();

        // Assert
assertEquals("John", result);
    }







    @Test
public void testGetSurname_case1() {
        // Arrange
Utente utente = new Utente("John", "Doe", "1234567890", "Somewhere", null);

        // Act
String surname = utente.getSurname();

        // Assert
assertEquals("Doe", surname);
    }
    @Test
public void testSetSurname_case1() {
        // Arrange
Utente utente = new Utente("John", "Doe", "1234567890", "Somewhere", null);

        // Act
utente.setSurname("Smith");

        // Assert
assertEquals("Smith", utente.getSurname());
    }







}
